V3 3
FL "H:/Jervis EDUcation/7sem/VHDL_Programs/P3_JK_FlipFlop/P3_JK_FlipFlop.vhd" 2020/07/20.18:34:33 P.20131013
EN work/P3_JK_FlipFlop 1595250373 \
      FL "H:/Jervis EDUcation/7sem/VHDL_Programs/P3_JK_FlipFlop/P3_JK_FlipFlop.vhd" \
      PB ieee/std_logic_1164 1381692176
AR work/P3_JK_FlipFlop/Behavioral 1595250374 \
      FL "H:/Jervis EDUcation/7sem/VHDL_Programs/P3_JK_FlipFlop/P3_JK_FlipFlop.vhd" \
      EN work/P3_JK_FlipFlop 1595250373
