V3 3
FL "H:/Jervis EDUcation/7sem/VHDL_Programs/gates/gates_code1.vhd" 2020/07/20.17:53:32 P.20131013
EN work/gates_code1 1595247818 \
      FL "H:/Jervis EDUcation/7sem/VHDL_Programs/gates/gates_code1.vhd" \
      PB ieee/std_logic_1164 1381692176
AR work/gates_code1/gates_architecture 1595247819 \
      FL "H:/Jervis EDUcation/7sem/VHDL_Programs/gates/gates_code1.vhd" \
      EN work/gates_code1 1595247818
